// Jest Snapshot v1, https://goo.gl/fbAQLP

exports[`<TextInput /> renders base component correctly 1`] = `
<div
  className="formText"
>
  <label
    htmlFor="test-textinput"
  >
    <input
      className="formTextInput"
      name="test-textinput"
      placeholder=""
      type="text"
    />
    <span
      className="formTextLabel"
    />
  </label>
</div>
`;
