// Jest Snapshot v1, https://goo.gl/fbAQLP

exports[`<Loading /> renders base component correctly 1`] = `
<span
  className="base isLoading"
>
  <span
    className="dot"
  />
  <span
    className="dot"
  />
  <span
    className="dot"
  />
</span>
`;
