// Jest Snapshot v1, https://goo.gl/fbAQLP

exports[`<FlyinPanel /> renders base component correctly 1`] = `<div />`;
