// Jest Snapshot v1, https://goo.gl/fbAQLP

exports[`<Button /> renders base component correctly with \`onClick\` prop 1`] = `
<button
  className="base blockStyle external aesop"
  disabled={false}
  onClick={[MockFunction]}
  title="AÄ“sop"
  type="button"
>
  Button
</button>
`;
