// Jest Snapshot v1, https://goo.gl/fbAQLP

exports[`<Podium /> renders base component correctly 1`] = `
<section
  className="base nonePaddingTop nonePaddingBottom"
/>
`;
