// Jest Snapshot v1, https://goo.gl/fbAQLP

exports[`<CartDiscountItem /> renders base component correctly 1`] = `
<div
  className="base"
  data-test-ref="CART_PROMOTION_TESTAUSTRALIA20"
>
  <div
    className="label"
  >
    Promotional code applied
     â€” 
    TESTAUSTRALIA20
  </div>
  <button
    className="base inline removeButton action"
    data-test-ref="CART_PROMOTION_TESTAUSTRALIA20_REMOVE_BUTTON"
    disabled={false}
    onClick={[MockFunction]}
    title="removeButton"
    type="button"
  >
    remove
  </button>
  <div
    className="price"
  >
    -$39.00
  </div>
</div>
`;
