// Jest Snapshot v1, https://goo.gl/fbAQLP

exports[`<TwoColumnLayout /> renders base component correctly 1`] = `
<div>
  <div
    class="base reverse dark TwoColumnLayout"
    id="TwoColumnLayout"
  >
    <div
      class="content fullWidth content"
      id="mainColumn"
    >
      <div>
        content
      </div>
    </div>
    <aside
      class="sidebar sidebar"
      id="sidebarColum"
    >
      <div>
        sidebar
      </div>
    </aside>
  </div>
</div>
`;
