// Jest Snapshot v1, https://goo.gl/fbAQLP

exports[`<Video /> renders a fallback image correctly 1`] = `
<figure
  className="base"
  id="video"
  role="group"
>
  <picture
    className="picture base"
  >
    <source
      media="(min-width: 0px)"
      srcSet="/images/products/Hand_Reverence_Aromatique_Hand_Wash_500mL_large.png 2x"
    />
    <img
      alt="Fallback Image"
    />
  </picture>
</figure>
`;

exports[`<Video /> renders base component correctly 1`] = `
<figure
  className="base"
  id="video"
  role="group"
>
  <video
    autoPlay={true}
    className="video isVisible"
    controls={true}
    loop={true}
    muted={true}
    playsInline={true}
  >
    <source
      media="(min-width: 1025px)"
      src="https://player.vimeo.com/external/300219772.hd.mp4?s=981a375b08836e6d99532afaefda0b9a78fbf404&profile_id=174"
      type="video/mp4"
    />
    <source
      media="(min-width: 640px)"
      src="https://player.vimeo.com/external/300219772.hd.mp4?s=981a375b08836e6d99532afaefda0b9a78fbf404&profile_id=174"
      type="video/mp4"
    />
    <source
      media="(min-width: 0px)"
      src="https://player.vimeo.com/external/300219772.hd.mp4?s=981a375b08836e6d99532afaefda0b9a78fbf404&profile_id=174"
      type="video/mp4"
    />
  </video>
</figure>
`;
