// Jest Snapshot v1, https://goo.gl/fbAQLP

exports[`<Checkbox /> renders base component correctly 1`] = `
<div
  className="base hasError"
>
  <input
    checked={false}
    className="input"
    data-test-ref="checkbox"
    id="checkbox"
    name="checkbox"
    onBlur={[Function]}
    onChange={[MockFunction]}
    onFocus={[Function]}
    type="checkbox"
  />
  <label
    className="label"
    htmlFor="checkbox"
  >
    Checkbox label
  </label>
  <div
    className="errorMessage"
  >
    This is an error message
  </div>
</div>
`;
