// Jest Snapshot v1, https://goo.gl/fbAQLP

exports[`<PDPDetailsSection /> renders base component correctly 1`] = `
<div
  className="base"
>
  <div
    className="large xLarge hidden"
  >
    <button
      className="base alternate block base action"
      data-test-ref="ADD_TO_CART_SMALL_CTA"
      disabled={false}
      onClick={[Function]}
      title="Add to cart button"
      type="button"
    >
      <span
        className="label"
      >
        <span>
          Added to your cart
        </span>
        <span>
          Add to your cart — $625.00
        </span>
      </span>
    </button>
  </div>
  <dl
    className="base"
  >
    <dt
      className="term"
    >
      Suited to
    </dt>
    <dd
      className="description"
    >
      Normal, combination and troubled skin
    </dd>
    <dt
      className="term"
    >
      Skin feel
    </dt>
    <dd
      className="description"
    >
      Clarified, smooth and gently cleanse
    </dd>
    <dt
      className="term"
    >
      <span>
        Key ingredients
      </span>
      <button
        className="base inline ingredientsTrigger action"
        disabled={false}
        onClick={[Function]}
        title="open Flyin"
        type="button"
      >
        <svg
          className="base plusAndCloseWithCircle"
          focusable="false"
          height={22}
          role="img"
          tabIndex={-1}
          viewBox="0 0 50 50"
          width={22}
        >
          <g>
            <circle
              className="circle"
              cx="25"
              cy="25"
              fill="none"
              r="22"
            />
            <polygon
              className="plus"
              points="26.2,15.2 23.8,15.2 23.8,23.9 15,23.9 15,26.4 23.8,26.4 23.8,35.1 26.2,35.1 26.2,26.4 35,26.4 35,23.9 26.2,23.9 "
            />
            <polygon
              className="close"
              points="32.9,19 31.2,17.3 25,23.4 18.8,17.2 17,19 23.3,25.2 17.1,31.3 18.8,33 25,26.9 31.2,33.1 33,31.3 26.7,25.1 "
            />
          </g>
        </svg>
      </button>
    </dt>
    <dd
      className="description"
    >
      Licorice Root, Lactic Acid, Blackcurrant Seed
    </dd>
  </dl>
  <div
    className="small medium hidden"
  >
    <button
      className="base alternate block base action"
      data-test-ref="ADD_TO_CART_LARGE_CTA"
      disabled={false}
      onClick={[Function]}
      title="Add to cart button"
      type="button"
    >
      <span
        className="label"
      >
        <span>
          Added to your cart
        </span>
        <span>
          Add to your cart — $625.00
        </span>
      </span>
    </button>
  </div>
  <aside
    aria-describedby={1}
    aria-hidden={true}
    aria-labelledby={0}
    className=""
    role="dialog"
  />
</div>
`;
