// Jest Snapshot v1, https://goo.gl/fbAQLP

exports[`Component - Element - List should render base component correctly 1`] = `
<div>
  <ul
    class="base dark"
  >
    <li
      class="item"
    >
      Fragrance
    </li>
    <li
      class="item"
    >
      Gifts
    </li>
  </ul>
</div>
`;
