// Jest Snapshot v1, https://goo.gl/fbAQLP

exports[`<CartItem /> renders base component correctly 1`] = `
<li
  className="base"
  data-test-ref="CART_ENTRY_0"
>
  <div
    className="itemEntry name"
  >
    <a
      className="base inline internal productLink"
      href="/product/"
      target="_self"
      title="link to Reverence Aromatique Hand Balm product page"
    >
      Reverence Aromatique Hand Balm
    </a>
  </div>
  <div
    className="itemEntry size"
  >
    75 mL
  </div>
  <div
    className="itemEntry quantity"
  >
    <div
      className="base"
    >
      <select
        className="input"
        data-test-ref="CART_ENTRY_0_QUANTITY_SELECT"
        disabled={false}
        name="0"
        onBlur={[Function]}
        onChange={[Function]}
        value="2"
      >
        <option
          value="1"
        >
          1
        </option>
        <option
          value="2"
        >
          2
        </option>
        <option
          value="3"
        >
          3
        </option>
        <option
          value="4"
        >
          4
        </option>
        <option
          value="5"
        >
          5
        </option>
      </select>
      <svg
        className="base downArrow icon"
        focusable="false"
        height={10}
        role="img"
        tabIndex={-1}
        viewBox="0 0 50 50"
        width={10}
      >
        <g>
          <polygon
            className="arrow"
            points="25,31.3 4.2,10.5 0.1,14.6 25,39.5 50,14.6 45.9,10.5"
          />
        </g>
      </svg>
    </div>
  </div>
  <div
    className="itemEntry remove"
  >
    <button
      className="base inline removeButton action"
      data-test-ref="CART_ENTRY_0_REMOVE_BUTTON"
      disabled={false}
      onClick={[Function]}
      title="Remove Reverence Aromatique Hand Balm"
      type="button"
    >
      Remove
    </button>
  </div>
  <div
    className="itemEntry price"
  >
    $33.00
  </div>
</li>
`;
