// Jest Snapshot v1, https://goo.gl/fbAQLP

exports[`<Transition /> renders base component correctly 1`] = `
Array [
  <div
    className=""
  >
    Content
  </div>,
  <div>
    Content
  </div>,
]
`;
