// Jest Snapshot v1, https://goo.gl/fbAQLP

exports[`<AuxOpenCartButton /> renders base component correctly 1`] = `
<aside
  className="base base"
  onClick={[MockFunction]}
  onKeyPress={[MockFunction]}
  role="button"
  tabIndex={0}
/>
`;
