// Jest Snapshot v1, https://goo.gl/fbAQLP

exports[`<SubscriptionFormView /> renders base component correctly 1`] = `
<div
  className="base base"
>
  <form
    onReset={[Function]}
    onSubmit={[Function]}
  >
    <div
      className="description"
    >
      I would like to receive communications about Aesop products, services, stores, events and matters of cultural interest.
    </div>
    <div
      className="inputWrapper"
    >
      <div
        className="base input"
      >
        <label
          className="label"
          htmlFor="emailAddress"
        >
          Email address
        </label>
        <input
          className="input"
          data-test-ref="emailAddress"
          id="emailAddress"
          name="emailAddress"
          onBlur={[Function]}
          onChange={[Function]}
          onFocus={[Function]}
          placeholder=""
          type="text"
          value=""
        />
        <div
          className="errorMessage"
          data-test-ref="emailAddress_ERROR"
        >
          
        </div>
      </div>
      
    </div>
  </form>
</div>
`;
